// Jest Snapshot v1, https://goo.gl/fbAQLP

exports[`AddToOutFit Component snapshot test 1`] = `[Function]`;
